
> @prc/block-bits@1.0.4 build
> wp-scripts build && wp-scripts build --config webpack.settings.config.js

assets by path [1m[32meditor/*.css[39m[22m 5.08 KiB
  asset [1m[32meditor/index-rtl.css[39m[22m 2.54 KiB [1m[32m[emitted][39m[22m (name: editor/index)
  asset [1m[32meditor/index.css[39m[22m 2.54 KiB [1m[32m[emitted][39m[22m (name: editor/index)
asset [1m[32meditor/index.js[39m[22m 21.7 KiB [1m[32m[emitted][39m[22m [1m[32m[minimized][39m[22m (name: editor/index)
asset [1m[32meditor/index.asset.php[39m[22m 272 bytes [1m[32m[emitted][39m[22m (name: editor/index)
Entrypoint [1meditor/index[39m[22m 27.1 KiB = [1m[32meditor/index.css[39m[22m 2.54 KiB [1m[32meditor/index.js[39m[22m 21.7 KiB [1m[32meditor/index-rtl.css[39m[22m 2.54 KiB [1m[32meditor/index.asset.php[39m[22m 272 bytes
orphan modules 282 KiB (javascript) 937 bytes (runtime) [1m[33m[orphan][39m[22m 354 modules
runtime modules 670 bytes 3 modules
built modules 70.5 KiB (javascript) 2.54 KiB (css/mini-extract) [1m[33m[built][39m[22m
  [1m./src/editor/index.ts + 37 modules[39m[22m 70.5 KiB [1m[31m[not cacheable][39m[22m [1m[33m[built][39m[22m [1m[33m[code generated][39m[22m
  css ../../node_modules/css-loader/dist/cjs.js??ruleSet[1].rules[3].use[1]!../../node_modules/postcss-loader/dist/cjs.js??ruleSet[1].rules[3].use[2]!../../node_modules/sass-loader/dist/cjs.js??ruleSet[1].rules[3].use[3]![1m./src/style/editor.scss[39m[22m 2.54 KiB [1m[33m[built][39m[22m [1m[33m[code generated][39m[22m
webpack 5.106.2 compiled [1m[32msuccessfully[39m[22m in 1977 ms
assets by chunk 3.8 KiB (name: index)
  asset [1m[32mindex.js[39m[22m 3.63 KiB [1m[32m[emitted][39m[22m [1m[32m[minimized][39m[22m (name: index)
  asset [1m[32mindex.asset.php[39m[22m 174 bytes [1m[32m[emitted][39m[22m (name: index)
assets by path [1m[32m./*.css[39m[22m 2 bytes
  asset [1m[32m./style-index-rtl.css[39m[22m 1 bytes [1m[32m[emitted][39m[22m (name: ./style-index) (id hint: style)
  asset [1m[32m./style-index.css[39m[22m 1 bytes [1m[32m[emitted][39m[22m (name: ./style-index) (id hint: style)
Entrypoint [1mindex[39m[22m 3.81 KiB = [1m[32m./style-index.css[39m[22m 1 bytes [1m[32m./style-index-rtl.css[39m[22m 1 bytes [1m[32mindex.js[39m[22m 3.63 KiB [1m[32mindex.asset.php[39m[22m 174 bytes
orphan modules 7.98 KiB (javascript) 937 bytes (runtime) [1m[33m[orphan][39m[22m 17 modules
runtime modules 2.5 KiB 3 modules
built modules 5.33 KiB (javascript) 0 bytes (css/mini-extract) [1m[33m[built][39m[22m
  [1m./src/settings/index.tsx + 9 modules[39m[22m 5.33 KiB [1m[31m[not cacheable][39m[22m [1m[33m[built][39m[22m [1m[33m[code generated][39m[22m
  css ../../node_modules/css-loader/dist/cjs.js??ruleSet[1].rules[3].use[1]!../../node_modules/postcss-loader/dist/cjs.js??ruleSet[1].rules[3].use[2]!../../node_modules/sass-loader/dist/cjs.js??ruleSet[1].rules[3].use[3]![1m./src/settings/style.scss[39m[22m 0 bytes [1m[33m[built][39m[22m [1m[33m[code generated][39m[22m
webpack 5.106.2 compiled [1m[32msuccessfully[39m[22m in 1025 ms
